Loading required package: ggplot2

Attaching package: 'plotly'

The following object is masked from 'package:ggplot2':

    last_plot

The following object is masked from 'package:stats':

    filter

The following object is masked from 'package:graphics':

    layout


Attaching package: 'dplyr'

The following objects are masked from 'package:stats':

    filter, lag

The following objects are masked from 'package:base':

    intersect, setdiff, setequal, union


Attaching package: 'mizerExperimental'

The following objects are masked from 'package:mizer':

    markBackground, plotlySpectraRelative, plotSpectra2,
    plotSpectraRelative, removeBackgroundSpecies, validSim

── Attaching core tidyverse packages ──────────────────────── tidyverse 2.0.0 ──
✔ forcats   1.0.1     ✔ stringr   1.6.0
✔ lubridate 1.9.5     ✔ tibble    3.3.1
✔ purrr     1.2.2     ✔ tidyr     1.3.2
✔ readr     2.2.0     
── Conflicts ────────────────────────────────────────── tidyverse_conflicts() ──
✖ dplyr::filter() masks plotly::filter(), stats::filter()
✖ dplyr::lag()    masks stats::lag()
ℹ Use the conflicted package (<http://conflicted.r-lib.org/>) to force all conflicts to become errors

Attaching package: 'scales'

The following object is masked from 'package:purrr':

    discard

The following object is masked from 'package:readr':

    col_factor

The following object is masked from 'package:mizer':

    log_breaks

There were 22 warnings (use warnings() to see them)
There were 50 or more warnings (use warnings() to see the first 50)
There were 50 or more warnings (use warnings() to see the first 50)
# A tibble: 3 × 3
  t_run n_disagree n_total
  <dbl>      <int>   <int>
1    50          1      20
2   150          0      20
3   600          0      20
  resource_decrease capacity_mult
1      0.0070710678      3.000000
2      0.0594603558      3.000000
3      0.5000000000      3.000000
4      0.0008408964      9.654894
5      0.0001000000    100.000000
Warning messages:
1: In setBevertonHolt.MizerParams(params, reproduction_level = reproduction_level) :
  The following species require an unrealistic value greater than 1 for `erepro`: Anchovy

2: In project.MizerSim(sim_init, t_max = t_total - 10, dt = 0.1, t_save = 0.2,  :
  Appending a simulation run with method = 'tr_bdf2' to one that used method = 'predictor_corrector'.
3: In setBevertonHolt.MizerParams(params, reproduction_level = reproduction_level) :
  The following species require an unrealistic value greater than 1 for `erepro`: Anchovy

 4:  resource_decrease capacity_mult    mean_bmIn project.MizerSim(sim_init, t_max = t_total - 10, dt = 0.1, t_save = 0.2,  : rel_amplitude
  Appending a simulation run with method = 'tr_bdf2' to one that used method = 'predictor_corrector'.
 phase_after_kick5: 
1In setBevertonHolt.MizerParams(params, reproduction_level = reproduction_level) :      0.0070710678
  The following species require an unrealistic value greater than 1 for `erepro`: Anchovy

      3.0000006:  0.02197924In project.MizerSim(sim_init, t_max = t_total - 10, dt = 0.1, t_save = 0.2,  :  2.073532e-11
  Appending a simulation run with method = 'tr_bdf2' to one that used method = 'predictor_corrector'.
      Fixed point7: 
2In setBevertonHolt.MizerParams(params, reproduction_level = reproduction_level) :      0.0594603558
  The following species require an unrealistic value greater than 1 for `erepro`: Anchovy

      3.0000008:  0.18482266In project.MizerSim(sim_init, t_max = t_total - 10, dt = 0.1, t_save = 0.2,  :  8.860271e-15
  Appending a simulation run with method = 'tr_bdf2' to one that used method = 'predictor_corrector'.
      Fixed point9: 
3In setBevertonHolt.MizerParams(params, reproduction_level = reproduction_level) :      0.5000000000
  The following species require an unrealistic value greater than 1 for `erepro`: Anchovy

      3.00000010:  1.55416716In project.MizerSim(sim_init, t_max = t_total - 10, dt = 0.1, t_save = 0.2,  :  8.715099e-15
  Appending a simulation run with method = 'tr_bdf2' to one that used method = 'predictor_corrector'.
      Fixed point
4      0.0008408964      9.654894 0.01374181  5.308598e-04      Fixed point
5      0.0001000000    100.000000 0.02526812  3.190598e-03      Fixed point
  phase_before_kick
1       Fixed point
2       Fixed point
3       Fixed point
4       Fixed point
5       Fixed point
